// Jest Snapshot v1, https://goo.gl/fbAQLP

exports[`LocationPicker files app bar cancel button should show the location picker cancel button 1`] = `
<oc-button-stub type="button" size="small" variation="passive" appearance="outline" justifycontent="center" gapsize="medium" id="location-picker-btn-cancel">
  <translate-stub tag="span">Cancel</translate-stub>
</oc-button-stub>
`;

exports[`LocationPicker files app bar should show current hint according to the current route action 1`] = `
<main id="files-location-picker" class="uk-flex uk-height-1-1">
  <div tabindex="-1" class="files-list-wrapper uk-width-expand">
    <div id="files-app-bar" class="oc-p-s">
      <h1 class="location-picker-selection-info oc-mb">Copy into »item«</h1>
      <p class="oc-text-muted uk-text-meta">Navigate into the desired folder and copy selected resources into it.
        You can navigate into a folder by clicking on its name.
        To navigate back, you can click on the breadcrumbs.
        Resources will be copied into the folder where you are currently located.</p>
      <hr class="oc-mt-rm">
      <oc-breadcrumb-stub items="[object Object],[object Object],[object Object]" variation="default" class="oc-mb-s"></oc-breadcrumb-stub>
      <oc-grid-stub gutter="small" flex="true" class="uk-flex-middle">
        <div>
          <oc-button-stub type="button" size="small" variation="passive" appearance="outline" justifycontent="center" gapsize="medium" id="location-picker-btn-cancel">
            <translate-stub tag="span">Cancel</translate-stub>
          </oc-button-stub>
        </div>
        <div>
          <oc-button-stub type="button" disabled="true" size="small" variation="primary" appearance="filled" justifycontent="center" gapsize="medium" id="location-picker-btn-confirm"><span>Paste here</span></oc-button-stub>
        </div>
      </oc-grid-stub>
    </div>
    <div id="files-view">
      <list-loader-stub></list-loader-stub>
    </div>
  </div>
</main>
`;

exports[`LocationPicker files app bar should show current hint according to the current route action 2`] = `
<main id="files-location-picker" class="uk-flex uk-height-1-1">
  <div tabindex="-1" class="files-list-wrapper uk-width-expand">
    <div id="files-app-bar" class="oc-p-s">
      <h1 class="location-picker-selection-info oc-mb">Move into »item«</h1>
      <p class="oc-text-muted uk-text-meta">Navigate into the desired folder and move selected resources into it.
        You can navigate into a folder by clicking on its name.
        To navigate back, you can click on the breadcrumbs.
        Resources will be moved into the folder where you are currently located.</p>
      <hr class="oc-mt-rm">
      <oc-breadcrumb-stub items="[object Object],[object Object],[object Object]" variation="default" class="oc-mb-s"></oc-breadcrumb-stub>
      <oc-grid-stub gutter="small" flex="true" class="uk-flex-middle">
        <div>
          <oc-button-stub type="button" size="small" variation="passive" appearance="outline" justifycontent="center" gapsize="medium" id="location-picker-btn-cancel">
            <translate-stub tag="span">Cancel</translate-stub>
          </oc-button-stub>
        </div>
        <div>
          <oc-button-stub type="button" disabled="true" size="small" variation="primary" appearance="filled" justifycontent="center" gapsize="medium" id="location-picker-btn-confirm"><span>Move here</span></oc-button-stub>
        </div>
      </oc-grid-stub>
    </div>
    <div id="files-view">
      <list-loader-stub></list-loader-stub>
    </div>
  </div>
</main>
`;

exports[`LocationPicker files app bar should show location picker selection info according to route action and item 1`] = `<h1 class="location-picker-selection-info oc-mb">Move into »All files«</h1>`;

exports[`LocationPicker files app bar should show location picker selection info according to route action and item 2`] = `<h1 class="location-picker-selection-info oc-mb">Copy into »All files«</h1>`;

exports[`LocationPicker files app bar should show location picker selection info according to route action and item 3`] = `<h1 class="location-picker-selection-info oc-mb">Move into »child«</h1>`;

exports[`LocationPicker files app bar should show location picker selection info according to route action and item 4`] = `<h1 class="location-picker-selection-info oc-mb">Move into »parent«</h1>`;

exports[`LocationPicker files app bar should show location picker selection info according to route action and item 5`] = `<h1 class="location-picker-selection-info oc-mb">Copy into »child«</h1>`;

exports[`LocationPicker files app bar should show location picker selection info according to route action and item 6`] = `<h1 class="location-picker-selection-info oc-mb">Copy into »parent«</h1>`;

exports[`LocationPicker files app bar should show location picker selection info according to route action and item 7`] = `<h1 class="location-picker-selection-info oc-mb">Copy into »टेश्ट«</h1>`;

exports[`LocationPicker files app bar should show location picker selection info according to route action and item 8`] = `<h1 class="location-picker-selection-info oc-mb">Copy into »child«</h1>`;

exports[`LocationPicker files app bar should show location picker selection info according to route action and item 9`] = `<h1 class="location-picker-selection-info oc-mb">Copy into »child«</h1>`;

exports[`LocationPicker files app bar should show location picker selection info according to route action and item 10`] = `<h1 class="location-picker-selection-info oc-mb">Copy into »child«</h1>`;

exports[`LocationPicker files app bar should show location picker selection info according to route action and item 11`] = `<h1 class="location-picker-selection-info oc-mb">Copy into »टेश्ट फोल्डर«</h1>`;

exports[`LocationPicker files app bar should show location picker selection info according to route action and item 12`] = `<h1 class="location-picker-selection-info oc-mb">Copy into »456«</h1>`;

exports[`LocationPicker files app bar should show location picker selection info according to route action and item 13`] = `<h1 class="location-picker-selection-info oc-mb">Copy into »🔥«</h1>`;

exports[`LocationPicker files app bar should show the location picker confirm button should set button text according to current action 1`] = `<oc-button-stub type="button" size="small" variation="primary" appearance="filled" justifycontent="center" gapsize="medium" id="location-picker-btn-confirm"><span>Move here</span></oc-button-stub>`;

exports[`LocationPicker files app bar should show the location picker confirm button should set button text according to current action 2`] = `<oc-button-stub type="button" size="small" variation="primary" appearance="filled" justifycontent="center" gapsize="medium" id="location-picker-btn-confirm"><span>Paste here</span></oc-button-stub>`;

exports[`LocationPicker files app bar should show the location picker confirm button should set button text according to current action 3`] = `<oc-button-stub type="button" size="small" variation="primary" appearance="filled" justifycontent="center" gapsize="medium" id="location-picker-btn-confirm"><span>Confirm</span></oc-button-stub>`;

exports[`LocationPicker files view when the view is not loading anymore should show no content message if active files length is less than one 1`] = `<no-content-message-stub icon="folder" id="files-location-picker-empty" class="files-empty"></no-content-message-stub>`;

exports[`LocationPicker files view when the view is still loading should show list loader 1`] = `<list-loader-stub></list-loader-stub>`;
